// Jest Snapshot v1, https://goo.gl/fbAQLP

exports[`Button Проверка снепшота компонента 1`] = `
<button
  className=""
  disabled={false}
  onClick={[Function]}
  style={Object {}}
  type="button"
>
  Кнопка
</button>
`;
