// Jest Snapshot v1, https://goo.gl/fbAQLP

exports[`Icon Проверка снепшота компонента 1`] = `
<svg
  dangerouslySetInnerHTML={
    Object {
      "__html": "<g id=\\"Symbols\\" stroke=\\"none\\" stroke-width=\\"1\\" fill=\\"none\\" fill-rule=\\"evenodd\\" stroke-linecap=\\"round\\"><g id=\\"bottomnav_ya-events_now\\" transform=\\"translate(-167.000000, -8.000000)\\" stroke-width=\\"2\\" stroke=\\"#777777\\"><g id=\\"icon-all-events-disabled\\" transform=\\"translate(167.000000, 8.000000)\\"><polygon id=\\"Star-Copy\\" points=\\"12 18 6.12214748 21.0901699 7.24471742 14.545085 2.48943484 9.90983006 9.06107374 8.95491503 12 3 14.9389263 8.95491503 21.5105652 9.90983006 16.7552826 14.545085 17.8778525 21.0901699\\"></polygon></g></g></g>",
    }
  }
  fill="#000"
  height="24"
  viewBox="0 0 24 24"
  width="24"
/>
`;
