// Jest Snapshot v1, https://goo.gl/fbAQLP

exports[`Image Проверка снепшота компонента 1`] = `
<div
  className=""
  style={
    Object {
      "backgroundImage": "url(https://placehold.it/256x256)",
    }
  }
/>
`;
